../Core/Src/main.c:92:6:setMoistureBound	16	static
../Core/Src/main.c:97:6:setTempBound	16	static
../Core/Src/main.c:102:6:setLightOperate	16	static
../Core/Src/main.c:109:7:getTemp	4	static
../Core/Src/main.c:112:5:getMoist	4	static
../Core/Src/main.c:115:5:getLight	4	static
../Core/Src/main.c:122:6:Set_Pin_Output	40	static
../Core/Src/main.c:131:6:Set_Pin_Input	40	static
../Core/Src/main.c:140:6:delay	16	static
../Core/Src/main.c:151:9:DS18B20_Start	16	static
../Core/Src/main.c:169:6:DS18B20_Write	24	static
../Core/Src/main.c:201:9:DS18B20_Read	16	static
../Core/Src/main.c:224:6:heyTempurature	8	static
../Core/Src/main.c:245:6:readLight	8	static
../Core/Src/main.c:265:6:readMoist	8	static
../Core/Src/main.c:282:5:main	24	static
../Core/Src/main.c:360:6:SystemClock_Config	88	static
../Core/Src/main.c:407:13:MX_ADC1_Init	24	static
../Core/Src/main.c:468:13:MX_TIM3_Init	32	static
../Core/Src/main.c:513:13:MX_USART1_UART_Init	8	static
../Core/Src/main.c:546:13:MX_USART2_UART_Init	8	static
../Core/Src/main.c:577:13:MX_DMA_Init	16	static
../Core/Src/main.c:595:13:MX_GPIO_Init	48	static
../Core/Src/main.c:635:6:Error_Handler	4	static,ignoring_inline_asm
