../Core/Src/main.c:95:6:setMoistureBound	16	static
../Core/Src/main.c:100:6:setTempBound	16	static
../Core/Src/main.c:105:6:setLightOperate	16	static
../Core/Src/main.c:112:7:getTemp	4	static
../Core/Src/main.c:115:5:getMoist	4	static
../Core/Src/main.c:118:5:getLight	4	static
../Core/Src/main.c:125:6:Set_Pin_Output	40	static
../Core/Src/main.c:134:6:Set_Pin_Input	40	static
../Core/Src/main.c:143:6:delay	16	static
../Core/Src/main.c:154:9:DS18B20_Start	16	static
../Core/Src/main.c:172:6:DS18B20_Write	24	static
../Core/Src/main.c:204:9:DS18B20_Read	16	static
../Core/Src/main.c:227:6:heyTempurature	8	static
../Core/Src/main.c:248:6:readLight	8	static
../Core/Src/main.c:268:6:readMoist	8	static
../Core/Src/main.c:278:6:pumpOn	8	static
../Core/Src/main.c:282:6:pumpOff	8	static
../Core/Src/main.c:287:6:SensorReport	8	static
../Core/Src/main.c:296:6:heyDataPleaseeeeGoToNodeMCUifYouDontGoIwillCry	24	static
../Core/Src/main.c:309:5:main	24	static
../Core/Src/main.c:391:6:SystemClock_Config	88	static
../Core/Src/main.c:438:13:MX_ADC1_Init	24	static
../Core/Src/main.c:499:13:MX_TIM3_Init	32	static
../Core/Src/main.c:544:13:MX_USART1_UART_Init	8	static
../Core/Src/main.c:577:13:MX_USART2_UART_Init	8	static
../Core/Src/main.c:608:13:MX_DMA_Init	16	static
../Core/Src/main.c:626:13:MX_GPIO_Init	48	static
../Core/Src/main.c:666:6:Error_Handler	4	static,ignoring_inline_asm
