../Core/Src/main.c:96:6:setMoistureBound	16	static
../Core/Src/main.c:101:6:setTempBound	16	static
../Core/Src/main.c:106:6:setLightOperate	16	static
../Core/Src/main.c:112:5:isLightInBound	16	static
../Core/Src/main.c:120:7:getTemp	4	static
../Core/Src/main.c:123:5:getMoist	4	static
../Core/Src/main.c:126:5:getLight	4	static
../Core/Src/main.c:133:6:Set_Pin_Output	40	static
../Core/Src/main.c:142:6:Set_Pin_Input	40	static
../Core/Src/main.c:151:6:delay	16	static
../Core/Src/main.c:162:9:DS18B20_Start	16	static
../Core/Src/main.c:180:6:DS18B20_Write	24	static
../Core/Src/main.c:212:9:DS18B20_Read	16	static
../Core/Src/main.c:235:6:heyTempurature	8	static
../Core/Src/main.c:256:6:readLight	8	static
../Core/Src/main.c:276:6:readMoist	8	static
../Core/Src/main.c:286:6:pumpOn	8	static
../Core/Src/main.c:290:6:pumpOff	8	static
../Core/Src/main.c:295:6:SensorReport	8	static
../Core/Src/main.c:304:6:heyDataPleaseeeeGoToNodeMCUifYouDontGoIwillCry	16	static
../Core/Src/main.c:318:5:main	24	static
../Core/Src/main.c:402:6:SystemClock_Config	88	static
../Core/Src/main.c:449:13:MX_ADC1_Init	24	static
../Core/Src/main.c:510:13:MX_TIM3_Init	32	static
../Core/Src/main.c:555:13:MX_USART1_UART_Init	8	static
../Core/Src/main.c:588:13:MX_USART2_UART_Init	8	static
../Core/Src/main.c:619:13:MX_DMA_Init	16	static
../Core/Src/main.c:637:13:MX_GPIO_Init	48	static
../Core/Src/main.c:677:6:Error_Handler	4	static,ignoring_inline_asm
